#-----------------------------------------------------------
# Vivado v2018.3 (64-bit)
# SW Build 2405991 on Thu Dec  6 23:38:27 MST 2018
# IP Build 2404404 on Fri Dec  7 01:43:56 MST 2018
# Start of session at: Wed May  1 15:17:48 2024
# Process ID: 17752
# Current directory: C:/Users/Zoe/OneDrive/Documents/ece/8thsemester/dvlsi/Lab6/dvlsi2021_lab5/dvlsi2021_ask5_prj
# Command line: vivado.exe -gui_launcher_event rodinguilauncherevent14164 C:\Users\Zoe\OneDrive\Documents\ece\8thsemester\dvlsi\Lab6\dvlsi2021_lab5\dvlsi2021_ask5_prj\dvlsi2021_ask5_prj.xpr
# Log file: C:/Users/Zoe/OneDrive/Documents/ece/8thsemester/dvlsi/Lab6/dvlsi2021_lab5/dvlsi2021_ask5_prj/vivado.log
# Journal file: C:/Users/Zoe/OneDrive/Documents/ece/8thsemester/dvlsi/Lab6/dvlsi2021_lab5/dvlsi2021_ask5_prj\vivado.jou
#-----------------------------------------------------------
start_gui
open_project C:/Users/Zoe/OneDrive/Documents/ece/8thsemester/dvlsi/Lab6/dvlsi2021_lab5/dvlsi2021_ask5_prj/dvlsi2021_ask5_prj.xpr
update_compile_order -fileset sources_1
reset_run synth_1
launch_runs impl_1 -to_step write_bitstream -jobs 4
wait_on_run impl_1
open_run impl_1
file copy -force C:/Users/Zoe/OneDrive/Documents/ece/8thsemester/dvlsi/Lab6/dvlsi2021_lab5/dvlsi2021_ask5_prj/dvlsi2021_ask5_prj.runs/impl_1/dvlsi2021_lab5_top.sysdef C:/Users/Zoe/OneDrive/Documents/ece/8thsemester/dvlsi/Lab6/dvlsi2021_lab5/dvlsi2021_ask5_prj/dvlsi2021_ask5_prj.sdk/dvlsi2021_lab5_top.hdf

launch_sdk -workspace C:/Users/Zoe/OneDrive/Documents/ece/8thsemester/dvlsi/Lab6/dvlsi2021_lab5/dvlsi2021_ask5_prj/dvlsi2021_ask5_prj.sdk -hwspec C:/Users/Zoe/OneDrive/Documents/ece/8thsemester/dvlsi/Lab6/dvlsi2021_lab5/dvlsi2021_ask5_prj/dvlsi2021_ask5_prj.sdk/dvlsi2021_lab5_top.hdf
file copy -force C:/Users/Zoe/OneDrive/Documents/ece/8thsemester/dvlsi/Lab6/dvlsi2021_lab5/dvlsi2021_ask5_prj/dvlsi2021_ask5_prj.runs/impl_1/dvlsi2021_lab5_top.sysdef C:/Users/Zoe/OneDrive/Documents/ece/8thsemester/dvlsi/Lab6/dvlsi2021_lab5/dvlsi2021_ask5_prj/dvlsi2021_ask5_prj.sdk/dvlsi2021_lab5_top.hdf

launch_sdk -workspace C:/Users/Zoe/OneDrive/Documents/ece/8thsemester/dvlsi/Lab6/dvlsi2021_lab5/dvlsi2021_ask5_prj/dvlsi2021_ask5_prj.sdk -hwspec C:/Users/Zoe/OneDrive/Documents/ece/8thsemester/dvlsi/Lab6/dvlsi2021_lab5/dvlsi2021_ask5_prj/dvlsi2021_ask5_prj.sdk/dvlsi2021_lab5_top.hdf
reset_run impl_1 -prev_step 
launch_runs impl_1 -to_step write_bitstream -jobs 4
wait_on_run impl_1
file copy -force C:/Users/Zoe/OneDrive/Documents/ece/8thsemester/dvlsi/Lab6/dvlsi2021_lab5/dvlsi2021_ask5_prj/dvlsi2021_ask5_prj.runs/impl_1/dvlsi2021_lab5_top.sysdef C:/Users/Zoe/OneDrive/Documents/ece/8thsemester/dvlsi/Lab6/dvlsi2021_lab5/dvlsi2021_ask5_prj/dvlsi2021_ask5_prj.sdk/dvlsi2021_lab5_top.hdf

launch_sdk -workspace C:/Users/Zoe/OneDrive/Documents/ece/8thsemester/dvlsi/Lab6/dvlsi2021_lab5/dvlsi2021_ask5_prj/dvlsi2021_ask5_prj.sdk -hwspec C:/Users/Zoe/OneDrive/Documents/ece/8thsemester/dvlsi/Lab6/dvlsi2021_lab5/dvlsi2021_ask5_prj/dvlsi2021_ask5_prj.sdk/dvlsi2021_lab5_top.hdf
