#-----------------------------------------------------------
# Webtalk v2018.3 (64-bit)
# SW Build 2405991 on Thu Dec  6 23:38:27 MST 2018
# IP Build 2404404 on Fri Dec  7 01:43:56 MST 2018
# Start of session at: Thu Mar 14 15:12:22 2024
# Process ID: 10804
# Current directory: C:/Users/zoege/OneDrive/Documents/ece/8th semester/dvlsi/Lab1/ExB3/3_bit_counter_up_down/3_bit_counter_up_down.sim/sim_1/behav/xsim
# Command line: wbtcv.exe -mode batch -source C:/Users/zoege/OneDrive/Documents/ece/8th semester/dvlsi/Lab1/ExB3/3_bit_counter_up_down/3_bit_counter_up_down.sim/sim_1/behav/xsim/xsim.dir/count3_updown_tb_behav/webtalk/xsim_webtalk.tcl -notrace
# Log file: C:/Users/zoege/OneDrive/Documents/ece/8th semester/dvlsi/Lab1/ExB3/3_bit_counter_up_down/3_bit_counter_up_down.sim/sim_1/behav/xsim/webtalk.log
# Journal file: C:/Users/zoege/OneDrive/Documents/ece/8th semester/dvlsi/Lab1/ExB3/3_bit_counter_up_down/3_bit_counter_up_down.sim/sim_1/behav/xsim\webtalk.jou
#-----------------------------------------------------------
source C:/Users/zoege/OneDrive/Documents/ece/8th -notrace
