#-----------------------------------------------------------
# Webtalk v2018.3 (64-bit)
# SW Build 2405991 on Thu Dec  6 23:38:27 MST 2018
# IP Build 2404404 on Fri Dec  7 01:43:56 MST 2018
# Start of session at: Mon Apr  8 23:40:39 2024
# Process ID: 9900
# Current directory: C:/Users/Gina/OneDrive/Desktop/DVLSI/Lab 3/synchronous_FA_MUL/adders_mulyipliers/adders_mulyipliers.sim/sim_3/behav/xsim
# Command line: wbtcv.exe -mode batch -source C:/Users/Gina/OneDrive/Desktop/DVLSI/Lab 3/synchronous_FA_MUL/adders_mulyipliers/adders_mulyipliers.sim/sim_3/behav/xsim/xsim.dir/full_adder_4bit_pipeline_behav/webtalk/xsim_webtalk.tcl -notrace
# Log file: C:/Users/Gina/OneDrive/Desktop/DVLSI/Lab 3/synchronous_FA_MUL/adders_mulyipliers/adders_mulyipliers.sim/sim_3/behav/xsim/webtalk.log
# Journal file: C:/Users/Gina/OneDrive/Desktop/DVLSI/Lab 3/synchronous_FA_MUL/adders_mulyipliers/adders_mulyipliers.sim/sim_3/behav/xsim\webtalk.jou
#-----------------------------------------------------------
source C:/Users/Gina/OneDrive/Desktop/DVLSI/Lab -notrace
